============================= test session starts =============================
platform win32 -- Python 3.14.2, pytest-9.0.2, pluggy-1.6.0
rootdir: C:\Users\Ripuranjan Baruah\Desktop\DEVFEST GOA\backend
plugins: anyio-4.12.1, langsmith-0.6.4, asyncio-1.3.0
asyncio: mode=Mode.STRICT, debug=False, asyncio_default_fixture_loop_scope=None, asyncio_default_test_loop_scope=function
collected 0 items / 1 error

=================================== ERRORS ====================================
_________ ERROR collecting services/kairos_bot/tests/test_handlers.py _________
ImportError while importing test module 'C:\Users\Ripuranjan Baruah\Desktop\DEVFEST GOA\backend\services\kairos_bot\tests\test_handlers.py'.
Hint: make sure your test modules/packages have valid Python names.
Traceback:
..\..\..\AppData\Local\Python\pythoncore-3.14-64\Lib\importlib\__init__.py:88: in import_module
    return _bootstrap._gcd_import(name[level:], package, level)
           ^^^^^^^^^^^^^^^^^^^^^^^^^^^^^^^^^^^^^^^^^^^^^^^^^^^^
services\kairos_bot\tests\test_handlers.py:4: in <module>
    from telegram import Update, User, Chat, Message
E   ModuleNotFoundError: No module named 'telegram'
=========================== short test summary info ===========================
ERROR services/kairos_bot/tests/test_handlers.py
!!!!!!!!!!!!!!!!!!! Interrupted: 1 error during collection !!!!!!!!!!!!!!!!!!!!
============================== 1 error in 0.48s ===============================
